// Jest Snapshot v1, https://goo.gl/fbAQLP

exports[`<PostLoader /> matches the latest post loader snapshot 1`] = `
<section
  className="PostLoader__latest"
>
  <div
    className="PostLoader__latest__image"
  />
  <div
    className="PostLoader__latest__content"
  >
    <p
      className="PostLoader__latest__flair"
    >
      Post flair name
    </p>
    <h2
      className="PostLoader__latest__title"
    >
      Complete title of the article
    </h2>
    <button
      className="PostLoader__latest__button"
    >
      Read more
    </button>
    <p
      className="PostLoader__latest__detail"
    >
      <span
        className="PostLoader__latest__author"
      >
        Posted by 
        <strong>
          Post author
        </strong>
      </span>
      <span
        className="PostLoader__latest__time"
      >
        Post time
      </span>
      <span
        className="PostLoader__latest__comments"
      >
        <i
          className="far fa-comment-alt"
        />
         
        <strong>
          Comment#
        </strong>
      </span>
    </p>
  </div>
</section>
`;

exports[`<PostLoader /> matches the trending post loader snapshot 1`] = `
<section
  className="PostLoader__trending"
>
  <div
    className="PostLoader__trending__content"
  >
    <h2
      className="PostLoader__trending__flair"
    >
      Post flair name
    </h2>
    <h3
      className="PostLoader__trending__title"
    >
      Short title of the article...
    </h3>
  </div>
</section>
`;
