// Jest Snapshot v1, https://goo.gl/fbAQLP

exports[`<App /> matches the snapshot 1`] = `
<div
  className="App"
>
  <header
    className="App__header"
  >
    <nav
      className="App__navbar"
    >
      <a
        href="/"
        onClick={[Function]}
      >
        <i
          className="fas fa-home App__navbar__icon"
        />
      </a>
      <a
        href="/"
        onClick={[Function]}
      >
        <h1
          className="App__title"
        >
          Reddit Science
        </h1>
      </a>
    </nav>
    <section
      className="FilterList"
    >
      <h2
        className="FilterList__title"
      >
        Your Daily Dose of Science
      </h2>
      <p
        className="FilterList__prompt"
      >
        What interests you?
      </p>
      <ul
        className="FilterList__container"
      >
        <li>
          <button
            className="Filter__button"
            id="AnimalScience"
            onClick={[Function]}
          >
            Animal Science
          </button>
        </li>
        <li>
          <button
            className="Filter__button"
            id="Anthropology"
            onClick={[Function]}
          >
            Anthropology
          </button>
        </li>
        <li>
          <button
            className="Filter__button"
            id="Astronomy"
            onClick={[Function]}
          >
            Astronomy
          </button>
        </li>
        <li>
          <button
            className="Filter__button"
            id="Biology"
            onClick={[Function]}
          >
            Biology
          </button>
        </li>
        <li>
          <button
            className="Filter__button"
            id="Cancer"
            onClick={[Function]}
          >
            Cancer
          </button>
        </li>
        <li>
          <button
            className="Filter__button"
            id="Chemistry"
            onClick={[Function]}
          >
            Chemistry
          </button>
        </li>
        <li>
          <button
            className="Filter__button"
            id="ComputerScience"
            onClick={[Function]}
          >
            Computer Science
          </button>
        </li>
        <li>
          <button
            className="Filter__button"
            id="EarthScience"
            onClick={[Function]}
          >
            Earth Science
          </button>
        </li>
        <li>
          <button
            className="Filter__button"
            id="Economics"
            onClick={[Function]}
          >
            Economics
          </button>
        </li>
        <li>
          <button
            className="Filter__button"
            id="Engineering"
            onClick={[Function]}
          >
            Engineering
          </button>
        </li>
        <li>
          <button
            className="Filter__button"
            id="Environment"
            onClick={[Function]}
          >
            Environment
          </button>
        </li>
        <li>
          <button
            className="Filter__button"
            id="Epidemiology"
            onClick={[Function]}
          >
            Epidemiology
          </button>
        </li>
        <li>
          <button
            className="Filter__button"
            id="Geology"
            onClick={[Function]}
          >
            Geology
          </button>
        </li>
        <li>
          <button
            className="Filter__button"
            id="Health"
            onClick={[Function]}
          >
            Health
          </button>
        </li>
        <li>
          <button
            className="Filter__button"
            id="Mathematics"
            onClick={[Function]}
          >
            Mathematics
          </button>
        </li>
        <li>
          <button
            className="Filter__button"
            id="Medicine"
            onClick={[Function]}
          >
            Medicine
          </button>
        </li>
        <li>
          <button
            className="Filter__button"
            id="Nanoscience"
            onClick={[Function]}
          >
            Nanoscience
          </button>
        </li>
        <li>
          <button
            className="Filter__button"
            id="Neuroscience"
            onClick={[Function]}
          >
            Neuroscience
          </button>
        </li>
        <li>
          <button
            className="Filter__button"
            id="Paleontology"
            onClick={[Function]}
          >
            Paleontology
          </button>
        </li>
        <li>
          <button
            className="Filter__button"
            id="Physics"
            onClick={[Function]}
          >
            Physics
          </button>
        </li>
        <li>
          <button
            className="Filter__button"
            id="Psychology"
            onClick={[Function]}
          >
            Psychology
          </button>
        </li>
        <li>
          <button
            className="Filter__button"
            id="SocialScience"
            onClick={[Function]}
          >
            Social Science
          </button>
        </li>
      </ul>
    </section>
  </header>
  <main>
    <form
      className="SearchTerm"
    >
      <i
        className="fas fa-search fa-lg SearchTerm__icon"
      />
      <input
        className="SearchTerm__input"
        onChange={[Function]}
        placeholder="Search..."
        value=""
      />
      
    </form>
    <section
      className="Home__trending"
    >
      <div
        className="Home__divider__container"
      >
        <hr />
        <div
          className="Home__divider"
        >
          Trending
        </div>
      </div>
      <section
        className="Posts__trending"
      >
        <ul>
          <li>
            <section
              className="PostLoader__trending"
            >
              <div
                className="PostLoader__trending__content"
              >
                <h2
                  className="PostLoader__trending__flair"
                >
                  Post flair name
                </h2>
                <h3
                  className="PostLoader__trending__title"
                >
                  Short title of the article...
                </h3>
              </div>
            </section>
          </li>
          <li>
            <section
              className="PostLoader__trending"
            >
              <div
                className="PostLoader__trending__content"
              >
                <h2
                  className="PostLoader__trending__flair"
                >
                  Post flair name
                </h2>
                <h3
                  className="PostLoader__trending__title"
                >
                  Short title of the article...
                </h3>
              </div>
            </section>
          </li>
          <li>
            <section
              className="PostLoader__trending"
            >
              <div
                className="PostLoader__trending__content"
              >
                <h2
                  className="PostLoader__trending__flair"
                >
                  Post flair name
                </h2>
                <h3
                  className="PostLoader__trending__title"
                >
                  Short title of the article...
                </h3>
              </div>
            </section>
          </li>
          <li>
            <section
              className="PostLoader__trending"
            >
              <div
                className="PostLoader__trending__content"
              >
                <h2
                  className="PostLoader__trending__flair"
                >
                  Post flair name
                </h2>
                <h3
                  className="PostLoader__trending__title"
                >
                  Short title of the article...
                </h3>
              </div>
            </section>
          </li>
          <li>
            <section
              className="PostLoader__trending"
            >
              <div
                className="PostLoader__trending__content"
              >
                <h2
                  className="PostLoader__trending__flair"
                >
                  Post flair name
                </h2>
                <h3
                  className="PostLoader__trending__title"
                >
                  Short title of the article...
                </h3>
              </div>
            </section>
          </li>
        </ul>
      </section>
    </section>
    <section
      className="Home__latest"
    >
      <div
        className="Home__divider__container"
      >
        <hr />
        <div
          className="Home__divider"
        >
          Latest
        </div>
      </div>
      <section
        className="Posts__latest"
      >
        <ul>
          <li>
            <section
              className="PostLoader__latest"
            >
              <div
                className="PostLoader__latest__image"
              />
              <div
                className="PostLoader__latest__content"
              >
                <p
                  className="PostLoader__latest__flair"
                >
                  Post flair name
                </p>
                <h2
                  className="PostLoader__latest__title"
                >
                  Complete title of the article
                </h2>
                <button
                  className="PostLoader__latest__button"
                >
                  Read more
                </button>
                <p
                  className="PostLoader__latest__detail"
                >
                  <span
                    className="PostLoader__latest__author"
                  >
                    Posted by 
                    <strong>
                      Post author
                    </strong>
                  </span>
                  <span
                    className="PostLoader__latest__time"
                  >
                    Post time
                  </span>
                  <span
                    className="PostLoader__latest__comments"
                  >
                    <i
                      className="far fa-comment-alt"
                    />
                     
                    <strong>
                      Comment#
                    </strong>
                  </span>
                </p>
              </div>
            </section>
          </li>
          <li>
            <section
              className="PostLoader__latest"
            >
              <div
                className="PostLoader__latest__image"
              />
              <div
                className="PostLoader__latest__content"
              >
                <p
                  className="PostLoader__latest__flair"
                >
                  Post flair name
                </p>
                <h2
                  className="PostLoader__latest__title"
                >
                  Complete title of the article
                </h2>
                <button
                  className="PostLoader__latest__button"
                >
                  Read more
                </button>
                <p
                  className="PostLoader__latest__detail"
                >
                  <span
                    className="PostLoader__latest__author"
                  >
                    Posted by 
                    <strong>
                      Post author
                    </strong>
                  </span>
                  <span
                    className="PostLoader__latest__time"
                  >
                    Post time
                  </span>
                  <span
                    className="PostLoader__latest__comments"
                  >
                    <i
                      className="far fa-comment-alt"
                    />
                     
                    <strong>
                      Comment#
                    </strong>
                  </span>
                </p>
              </div>
            </section>
          </li>
          <li>
            <section
              className="PostLoader__latest"
            >
              <div
                className="PostLoader__latest__image"
              />
              <div
                className="PostLoader__latest__content"
              >
                <p
                  className="PostLoader__latest__flair"
                >
                  Post flair name
                </p>
                <h2
                  className="PostLoader__latest__title"
                >
                  Complete title of the article
                </h2>
                <button
                  className="PostLoader__latest__button"
                >
                  Read more
                </button>
                <p
                  className="PostLoader__latest__detail"
                >
                  <span
                    className="PostLoader__latest__author"
                  >
                    Posted by 
                    <strong>
                      Post author
                    </strong>
                  </span>
                  <span
                    className="PostLoader__latest__time"
                  >
                    Post time
                  </span>
                  <span
                    className="PostLoader__latest__comments"
                  >
                    <i
                      className="far fa-comment-alt"
                    />
                     
                    <strong>
                      Comment#
                    </strong>
                  </span>
                </p>
              </div>
            </section>
          </li>
          <li>
            <section
              className="PostLoader__latest"
            >
              <div
                className="PostLoader__latest__image"
              />
              <div
                className="PostLoader__latest__content"
              >
                <p
                  className="PostLoader__latest__flair"
                >
                  Post flair name
                </p>
                <h2
                  className="PostLoader__latest__title"
                >
                  Complete title of the article
                </h2>
                <button
                  className="PostLoader__latest__button"
                >
                  Read more
                </button>
                <p
                  className="PostLoader__latest__detail"
                >
                  <span
                    className="PostLoader__latest__author"
                  >
                    Posted by 
                    <strong>
                      Post author
                    </strong>
                  </span>
                  <span
                    className="PostLoader__latest__time"
                  >
                    Post time
                  </span>
                  <span
                    className="PostLoader__latest__comments"
                  >
                    <i
                      className="far fa-comment-alt"
                    />
                     
                    <strong>
                      Comment#
                    </strong>
                  </span>
                </p>
              </div>
            </section>
          </li>
          <li>
            <section
              className="PostLoader__latest"
            >
              <div
                className="PostLoader__latest__image"
              />
              <div
                className="PostLoader__latest__content"
              >
                <p
                  className="PostLoader__latest__flair"
                >
                  Post flair name
                </p>
                <h2
                  className="PostLoader__latest__title"
                >
                  Complete title of the article
                </h2>
                <button
                  className="PostLoader__latest__button"
                >
                  Read more
                </button>
                <p
                  className="PostLoader__latest__detail"
                >
                  <span
                    className="PostLoader__latest__author"
                  >
                    Posted by 
                    <strong>
                      Post author
                    </strong>
                  </span>
                  <span
                    className="PostLoader__latest__time"
                  >
                    Post time
                  </span>
                  <span
                    className="PostLoader__latest__comments"
                  >
                    <i
                      className="far fa-comment-alt"
                    />
                     
                    <strong>
                      Comment#
                    </strong>
                  </span>
                </p>
              </div>
            </section>
          </li>
        </ul>
      </section>
    </section>
  </main>
</div>
`;
